src/components/layout/BottomTabBar.tsx(3,1): error TS6133: 'useAuthStore' is declared but its value is never read.
src/pages/Chat.tsx(3,18): error TS6133: 'AnimatePresence' is declared but its value is never read.
src/pages/Chat.tsx(8,1): error TS6133: 'Message' is declared but its value is never read.
src/pages/Chat.tsx(9,1): error TS6133: 'Header' is declared but its value is never read.
src/pages/Chat.tsx(204,69): error TS2367: This comparison appears to be unintentional because the types 'User' and 'string | undefined' have no overlap.
src/pages/Community.tsx(6,1): error TS6133: 'Header' is declared but its value is never read.
src/pages/Discover.tsx(6,1): error TS6133: 'Header' is declared but its value is never read.
src/pages/Discover.tsx(15,12): error TS6133: 'loading' is declared but its value is never read.
src/pages/Discover.tsx(53,19): error TS6133: 'data' is declared but its value is never read.
src/pages/Home.tsx(39,11): error TS6133: 'totalReactions' is declared but its value is never read.
src/pages/Match.tsx(66,23): error TS2503: Cannot find namespace 'NodeJS'.
src/pages/Profile.tsx(3,18): error TS6133: 'AnimatePresence' is declared but its value is never read.
src/pages/Profile.tsx(13,32): error TS6133: 'logout' is declared but its value is never read.
src/pages/Profile.tsx(13,40): error TS6133: 'updateProfile' is declared but its value is never read.
src/pages/Profile.tsx(17,12): error TS6133: 'loading' is declared but its value is never read.
src/pages/Settings.tsx(16,18): error TS2345: Argument of type 'string' is not assignable to parameter of type 'SetStateAction<"light" | "dark" | "system">'.
src/store/authStore.ts(18,53): error TS6133: 'get' is declared but its value is never read.
src/store/chatStore.ts(18,53): error TS6133: 'get' is declared but its value is never read.
